files/30.csv
id,week,center_id,meal_id,checkout_price,base_price,emailer_for_promotion,homepage_featured,num_orders
1136347,1,30,2126,487,485,0,0,41
1408904,2,30,2126,487,485,0,0,123
1120718,3,30,2126,485,486,0,0,67
1019741,4,30,2126,484.03,486.03,0,0,28
1280229,5,30,2126,485.03,485.03,0,0,26
1243184,6,30,2126,486.03,486.03,0,0,40
1235713,7,30,2126,485.03,485.03,0,0,69
1438664,8,30,2126,534.53,534.53,0,0,27
1223413,10,30,2126,533.53,533.53,0,0,15
1084373,11,30,2126,532.53,533.53,0,0,42
1228042,12,30,2126,486.03,484.03,0,0,55
1421918,13,30,2126,484.03,486.03,0,0,55
1150930,14,30,2126,485.03,486.03,0,0,94
1191334,15,30,2126,510.28,508.28,0,0,27
1289656,16,30,2126,532.53,533.53,0,0,28
1358403,17,30,2126,532.53,533.53,0,0,67
1162961,18,30,2126,484.03,484.03,0,0,26
1409176,19,30,2126,485.03,486.03,0,0,55
1051790,20,30,2126,484.03,485.03,0,0,14
1050797,21,30,2126,486.03,486.03,0,0,53
1064059,22,30,2126,534.53,532.53,0,0,14
1181106,23,30,2126,534.53,534.53,0,0,26
1107438,24,30,2126,533.53,534.53,0,0,27
1489806,25,30,2126,486.03,486.03,0,0,26
1046161,26,30,2126,491.79,486.03,0,1,82
1263863,27,30,2126,485.03,485.03,0,1,81
1013464,28,30,2126,524.83,524.83,0,0,67
1486924,29,30,2126,485.03,485.03,0,0,40
1347969,30,30,2126,485.03,485.03,0,0,27
1165113,31,30,2126,532.53,534.53,0,0,15
1031622,32,30,2126,534.53,534.53,0,0,42
1379706,33,30,2126,435.59,532.53,0,1,53
1067539,34,30,2126,434.59,533.53,0,1,68
1058176,35,30,2126,433.59,533.53,0,1,42
1443861,36,30,2126,433.59,532.53,0,1,53
1412071,37,30,2126,533.53,532.53,0,1,28
1342440,39,30,2126,485.03,485.03,0,0,42
1245291,40,30,2126,486.03,484.03,0,0,82
1220603,41,30,2126,486.03,486.03,0,0,27
1330865,42,30,2126,485.03,484.03,0,0,28
1321828,43,30,2126,532.53,533.53,0,0,28
1237548,44,30,2126,503.43,505.43,0,0,53
1170414,45,30,2126,504.43,504.43,0,0,27
1439497,46,30,2126,503.43,505.43,0,0,26
1067657,47,30,2126,504.43,504.43,0,0,13
1491470,48,30,2126,533.53,534.53,0,0,26
1231321,49,30,2126,534.53,533.53,0,0,28
1211630,53,30,2126,438.5,534.53,0,0,13
1441888,54,30,2126,438.5,534.53,0,0,96
1358600,55,30,2126,437.5,533.53,0,0,42
1245782,56,30,2126,532.53,534.53,0,0,13
1252371,57,30,2126,534.53,532.53,0,0,14
1352806,59,30,2126,534.53,534.53,0,0,41
1047830,60,30,2126,534.53,533.53,0,0,41
1115360,61,30,2126,436.53,533.53,1,1,108
1002323,63,30,2126,437.53,534.53,0,1,121
1203639,64,30,2126,436.53,532.53,0,1,40
1486177,65,30,2126,533.53,533.53,0,0,27
1033879,67,30,2126,532.53,532.53,0,0,13
1003174,68,30,2126,534.53,533.53,0,0,14
1433658,70,30,2126,485.03,532.53,1,0,40
1378903,71,30,2126,484.03,534.53,1,1,82
1250091,72,30,2126,485.03,486.03,0,0,27
1379407,73,30,2126,485.03,484.03,0,0,82
1133775,74,30,2126,533.53,534.53,0,0,26
1368284,75,30,2126,532.53,534.53,0,0,26
1071271,76,30,2126,532.53,534.53,0,0,26
1401459,77,30,2126,532.53,534.53,0,0,41
1497078,78,30,2126,532.53,532.53,0,0,67
1252498,79,30,2126,532.53,533.53,0,0,28
1469748,80,30,2126,534.53,532.53,0,0,68
1367452,81,30,2126,466.63,533.53,0,0,26
1088157,82,30,2126,466.63,534.53,0,0,94
1493871,83,30,2126,466.63,534.53,0,0,109
1496139,84,30,2126,466.63,533.53,0,0,68
1404458,85,30,2126,534.53,533.53,0,0,55
1243699,86,30,2126,534.53,532.53,0,0,27
1478114,87,30,2126,533.53,532.53,0,0,82
1122746,88,30,2126,435.53,534.53,1,0,177
1204735,89,30,2126,435.53,533.53,0,0,54
1087361,90,30,2126,437.53,532.53,0,0,28
1154470,91,30,2126,435.53,532.53,0,0,95
1173228,92,30,2126,534.53,534.53,0,0,53
1209230,93,30,2126,534.53,533.53,0,0,54
1045924,94,30,2126,534.53,533.53,0,0,41
1220983,95,30,2126,532.53,533.53,0,0,53
1405136,96,30,2126,437.5,534.53,0,0,42
1336831,97,30,2126,437.5,534.53,0,0,123
1378138,98,30,2126,532.53,533.53,0,0,69
1144310,99,30,2126,533.53,533.53,0,0,67
1074608,100,30,2126,534.53,534.53,0,0,15
1177390,101,30,2126,534.53,534.53,0,0,15
1494549,102,30,2126,532.53,532.53,0,0,40
1197910,103,30,2126,437.53,533.53,0,1,15
1391595,104,30,2126,447.2,534.53,0,1,54
1423069,105,30,2126,437.53,534.53,0,0,339
1014987,106,30,2126,435.53,532.53,0,0,82
1445775,107,30,2126,533.53,534.53,0,0,28
1043669,108,30,2126,533.53,532.53,0,0,41
1038436,109,30,2126,532.53,534.53,0,0,81
1266109,110,30,2126,532.53,533.53,0,0,67
1369743,111,30,2126,533.53,532.53,0,0,95
1382700,112,30,2126,534.53,533.53,0,0,81
1073803,113,30,2126,436.53,532.53,0,1,54
1479856,114,30,2126,437.53,533.53,0,1,69
1345086,115,30,2126,533.53,534.53,0,0,68
1382826,117,30,2126,532.53,532.53,0,0,26
1424782,119,30,2126,533.53,533.53,0,0,28
1291336,121,30,2126,426.8,534.53,0,1,96
1070667,122,30,2126,426.8,534.53,0,1,67
1351682,123,30,2126,426.8,534.53,0,1,42
1043230,124,30,2126,426.8,533.53,0,0,40
1180804,125,30,2126,428.8,532.53,0,0,40
1412280,126,30,2126,426.8,533.53,0,0,27
1252292,127,30,2126,428.8,534.53,0,0,54
1389444,128,30,2126,427.8,532.53,0,0,28
1382434,129,30,2126,426.8,533.53,0,0,69
1043410,130,30,2126,426.8,426.8,0,0,13
1402808,131,30,2126,427.8,427.8,0,0,13
1471161,132,30,2126,427.8,428.8,0,0,67
1101653,133,30,2126,427.8,426.8,0,0,55
1382410,134,30,2126,428.8,428.8,0,0,15
1084041,135,30,2126,437.53,436.53,0,0,53
1428545,137,30,2126,509.31,509.31,0,0,68
1147333,138,30,2126,507.31,508.31,0,0,94
1439601,139,30,2126,417.13,509.31,0,0,55
1357698,140,30,2126,416.13,508.31,0,0,54
1184848,141,30,2126,507.31,508.31,0,0,94
1292165,142,30,2126,508.31,508.31,0,0,14
1494001,143,30,2126,508.31,507.31,0,0,15
1132405,144,30,2126,508.31,509.31,0,0,27
1070406,145,30,2126,485.03,509.31,0,1,53
1133486,1,30,2826,330.83,328.83,0,0,701
1090754,2,30,2826,329.83,328.83,0,0,635
1080039,3,30,2826,330.83,330.83,0,0,663
1075967,4,30,2826,329.83,329.83,0,0,636
1284572,5,30,2826,329.83,329.83,0,0,500
1235152,6,30,2826,329.83,328.83,0,0,324
1184932,7,30,2826,301.73,299.73,0,0,500
1368749,8,30,2826,299.76,298.76,0,0,728
1433269,9,30,2826,298.76,300.76,0,0,742
1346682,10,30,2826,245.47,298.76,1,0,1122
1010565,11,30,2826,243.5,299.76,1,0,1230
1039255,12,30,2826,246.41,299.76,0,0,836
1211798,13,30,2826,300.76,298.76,0,0,528
1268013,14,30,2826,300.76,298.76,0,0,487
1254723,15,30,2826,318.16,319.16,0,0,419
1345399,16,30,2826,320.13,321.13,0,0,269
1177016,17,30,2826,321.13,321.13,0,0,487
1360972,18,30,2826,200.82,320.13,1,1,1959
1492905,19,30,2826,245.44,319.13,0,1,838
1287352,20,30,2826,319.13,319.13,0,0,431
1234825,21,30,2826,319.13,319.13,0,0,500
1279879,22,30,2826,321.13,319.13,0,0,513
1000537,23,30,2826,321.13,319.13,0,0,553
1011886,24,30,2826,321.13,319.13,0,0,554
1181149,25,30,2826,321.13,321.13,0,0,581
1158193,26,30,2826,320.13,320.13,0,0,838
1482613,27,30,2826,319.13,321.13,0,0,661
1131708,28,30,2826,293.91,319.13,1,1,703
1275338,29,30,2826,292.94,320.13,1,0,702
1336125,30,30,2826,320.16,318.16,0,0,620
1305048,31,30,2826,321.13,320.13,0,0,418
1206843,32,30,2826,319.13,319.13,0,0,351
1150220,33,30,2826,320.13,320.13,0,0,325
1475605,34,30,2826,321.13,321.13,0,0,229
1041801,35,30,2826,319.13,319.13,0,0,81
1176880,36,30,2826,321.13,320.13,0,0,202
1175064,37,30,2826,321.13,319.13,0,0,432
1066207,38,30,2826,321.13,320.13,0,0,418
1063871,39,30,2826,319.13,320.13,0,0,366
1481018,40,30,2826,320.13,321.13,0,0,406
1249244,41,30,2826,319.13,320.13,0,0,420
1314172,42,30,2826,319.13,321.13,0,0,364
1120625,43,30,2826,320.13,320.13,0,0,338
1016486,44,30,2826,320.13,321.13,0,0,325
1297103,45,30,2826,320.13,320.13,0,0,364
1443255,46,30,2826,251.26,321.13,1,0,229
1104700,47,30,2826,249.29,321.13,0,1,919
1118372,48,30,2826,321.13,321.13,0,0,432
1024791,49,30,2826,320.13,321.13,0,0,310
1260964,50,30,2826,320.13,319.13,0,0,378
1487168,51,30,2826,320.13,319.13,0,0,298
1489749,52,30,2826,320.13,321.13,0,0,431
1491641,53,30,2826,320.13,320.13,0,0,620
1016601,54,30,2826,320.13,319.13,0,0,433
1389099,55,30,2826,319.13,321.13,0,0,391
1164347,56,30,2826,320.13,319.13,0,0,285
1297252,57,30,2826,319.13,319.13,0,0,433
1401919,58,30,2826,320.13,321.13,0,0,377
1016518,59,30,2826,321.13,320.13,0,0,485
1260336,60,30,2826,248.35,321.13,1,0,1579
1289871,61,30,2826,320.13,321.13,0,0,352
1056534,62,30,2826,321.13,321.13,0,0,123
1412711,63,30,2826,271.66,321.13,1,0,1134
1048411,64,30,2826,272.6,321.13,1,0,1095
1303019,65,30,2826,319.13,319.13,0,0,393
1052766,66,30,2826,319.13,321.13,0,0,339
1384616,67,30,2826,319.13,320.13,0,0,501
1194258,68,30,2826,319.13,320.13,0,0,446
1155424,69,30,2826,249.35,321.13,1,1,1403
1493608,70,30,2826,319.13,320.13,0,0,378
1479444,71,30,2826,321.13,321.13,0,0,323
1182269,72,30,2826,320.13,320.13,0,0,378
1355491,73,30,2826,321.13,320.13,0,0,501
1058430,74,30,2826,319.13,321.13,0,0,555
1348392,75,30,2826,248.35,320.13,1,1,1363
1277087,76,30,2826,244.47,320.13,0,0,998
1172240,77,30,2826,321.13,319.13,0,0,269
1344631,78,30,2826,320.13,319.13,0,0,269
1048804,79,30,2826,197.91,319.13,1,1,1255
1360274,80,30,2826,317.25,317.25,0,0,393
1001347,81,30,2826,321.13,321.13,0,0,366
1330746,82,30,2826,319.13,321.13,0,0,607
1075602,83,30,2826,321.13,321.13,0,0,350
1411951,84,30,2826,320.13,321.13,0,0,447
1020576,85,30,2826,320.13,319.13,0,0,432
1092368,86,30,2826,310.43,311.43,0,0,460
1040304,87,30,2826,320.13,319.13,0,0,540
1260057,88,30,2826,319.13,320.13,0,0,136
1414922,89,30,2826,320.13,320.13,0,0,297
1406048,90,30,2826,320.13,319.13,0,0,431
1144888,91,30,2826,320.13,319.13,0,0,607
1169467,92,30,2826,319.13,320.13,0,0,176
1246168,93,30,2826,319.13,321.13,0,0,391
1086198,94,30,2826,244.44,320.13,0,0,905
1358160,95,30,2826,244.5,321.13,0,0,717
1472549,96,30,2826,242.5,319.13,0,0,512
1016429,97,30,2826,247.38,319.13,0,0,877
1254896,98,30,2826,244.5,321.13,0,0,756
1279764,99,30,2826,323.98,324.98,0,0,337
1099256,100,30,2826,327.86,329.86,0,0,406
1475517,101,30,2826,327.86,327.86,0,0,310
1342506,102,30,2826,327.86,328.86,0,0,420
1157357,103,30,2826,328.86,329.86,0,0,377
1015086,104,30,2826,327.86,329.86,0,0,284
1232208,105,30,2826,329.86,327.86,0,0,595
1141323,106,30,2826,328.86,329.86,0,0,311
1018576,107,30,2826,328.86,327.86,0,0,351
1081791,108,30,2826,328.86,328.86,0,0,393
1323988,109,30,2826,312.4,312.4,0,0,364
1015095,110,30,2826,244.47,310.4,1,1,1404
1184819,111,30,2826,242.5,311.4,0,1,1633
1278018,112,30,2826,246.44,312.4,0,1,1539
1280421,113,30,2826,327.86,328.86,0,0,445
1131785,114,30,2826,327.86,329.86,0,0,392
1054924,115,30,2826,329.86,328.86,0,0,459
1044675,116,30,2826,327.86,328.86,0,0,567
1038369,117,30,2826,346.29,347.29,0,0,418
1385445,118,30,2826,347.29,348.29,0,0,365
1117607,119,30,2826,347.29,346.29,0,0,431
1469550,120,30,2826,346.29,347.29,0,0,419
1137259,121,30,2826,348.29,348.29,0,0,459
1495033,122,30,2826,347.29,348.29,0,0,391
1407019,123,30,2826,347.29,346.29,0,0,350
1002778,124,30,2826,347.29,348.29,0,0,527
1470472,125,30,2826,348.29,347.29,0,0,458
1411471,126,30,2826,347.29,347.29,0,0,607
1321453,127,30,2826,346.29,347.29,0,0,609
1193724,128,30,2826,234.74,348.29,1,1,2375
1406955,129,30,2826,243.53,346.29,1,1,1579
1018659,130,30,2826,343.38,344.38,0,0,297
1353437,131,30,2826,346.29,347.29,0,0,418
1406203,132,30,2826,347.29,347.29,0,0,474
1332966,133,30,2826,377.33,377.33,0,0,500
1385044,134,30,2826,379.33,377.33,0,0,405
1010720,135,30,2826,377.33,379.33,0,0,296
1306763,136,30,2826,377.33,377.33,0,0,418
1229050,137,30,2826,377.33,379.33,0,0,501
1300309,138,30,2826,372.48,374.48,0,0,487
1429345,139,30,2826,377.33,377.33,0,0,500
1270670,140,30,2826,378.33,379.33,0,0,487
1252303,141,30,2826,378.33,377.33,0,0,258
1146505,142,30,2826,377.33,378.33,0,0,472
1025322,143,30,2826,379.33,378.33,0,0,351
1294599,144,30,2826,377.33,379.33,0,0,486
1065677,145,30,2826,377.33,378.33,0,0,364
1332280,1,30,1754,285.24,285.24,0,0,541
1201096,2,30,1754,285.21,284.21,0,0,647
1069775,3,30,1754,292.03,292.03,0,0,487
1006646,4,30,1754,290.03,290.03,0,0,458
1464327,5,30,1754,232.83,290.03,0,0,337
1494128,6,30,1754,137.74,290.03,0,0,257
1054368,7,30,1754,211.52,292.03,0,0,242
1015105,8,30,1754,183.39,290.03,0,0,216
1295454,9,30,1754,242.53,290.03,0,0,244
1310244,10,30,1754,280.33,281.33,0,0,419
1334831,11,30,1754,269.66,269.66,0,0,393
1481864,12,30,1754,270.66,269.66,0,0,378
1466462,13,30,1754,274.57,274.57,0,0,447
1073324,14,30,1754,261.9,262.9,0,0,420
1377953,15,30,1754,282.3,282.3,0,0,473
1360549,16,30,1754,291.03,292.03,0,0,297
1441302,17,30,1754,290.03,291.03,0,0,419
1320416,18,30,1754,192.09,291.03,1,1,1984
1301353,19,30,1754,231.83,292.03,0,1,1189
1416580,20,30,1754,235.71,292.03,0,0,540
1245156,21,30,1754,269.72,268.72,0,0,634
1241090,22,30,1754,236.74,268.72,1,1,1323
1350380,23,30,1754,235.74,269.72,1,1,1526
1088385,24,30,1754,279.36,281.36,0,0,499
1279506,25,30,1754,270.63,270.63,0,0,446
1077642,26,30,1754,253.2,254.2,0,0,420
1291072,27,30,1754,272.6,272.6,0,0,499
1448912,28,30,1754,272.6,271.6,0,0,486
1468415,29,30,1754,281.36,279.36,0,0,242
1350156,30,30,1754,161.99,279.36,1,0,4427
1213017,31,30,1754,210.49,281.36,0,0,1485
1245633,32,30,1754,238.65,280.36,1,1,2188
1104664,33,30,1754,247.41,281.36,0,0,566
1397472,34,30,1754,281.3,281.3,0,0,446
1155334,35,30,1754,261.96,261.96,0,0,67
1202833,36,30,1754,277.42,279.42,0,0,310
1494950,37,30,1754,263.87,263.87,0,0,513
1078851,38,30,1754,280.33,280.33,0,0,419
1409165,39,30,1754,310.43,309.43,0,0,202
1135323,40,30,1754,297.79,298.79,0,0,350
1148809,41,30,1754,309.43,310.43,0,0,323
1459984,42,30,1754,311.43,311.43,0,0,284
1237348,43,30,1754,311.43,310.43,0,0,162
1268186,44,30,1754,310.43,310.43,0,0,256
1018383,45,30,1754,241.59,310.43,0,0,296
1140617,46,30,1754,228.01,311.43,1,0,258
1487602,47,30,1754,235.74,309.43,0,1,757
1224407,48,30,1754,169.78,310.43,1,1,2335
1294694,49,30,1754,299.79,297.79,0,0,351
1308011,50,30,1754,310.43,311.43,0,0,420
1372961,51,30,1754,311.43,309.43,0,0,393
1060265,52,30,1754,300.73,299.73,0,0,419
1358389,53,30,1754,300.7,302.7,0,0,485
1390063,54,30,1754,297.82,296.82,0,0,244
1124681,55,30,1754,308.49,308.49,0,0,418
1325736,56,30,1754,311.43,310.43,0,0,229
1195932,57,30,1754,260.93,309.43,0,0,256
1465900,58,30,1754,288.15,287.15,0,0,366
1155851,59,30,1754,287.12,288.12,0,0,378
1004580,60,30,1754,236.71,288.12,1,1,3052
1130712,61,30,1754,311.43,309.43,0,0,337
1150962,62,30,1754,310.43,309.43,0,0,123
1282289,63,30,1754,260.02,310.43,0,0,82
1052266,64,30,1754,257.05,310.43,0,0,338
1385595,65,30,1754,280.36,280.36,0,0,567
1026342,66,30,1754,272.57,274.57,0,0,528
1188563,67,30,1754,273.6,271.6,0,0,512
1480003,68,30,1754,192.09,271.6,1,1,2429
1323674,69,30,1754,189.15,271.6,0,1,2660
1357954,70,30,1754,189.15,271.6,1,0,2538
1165911,71,30,1754,190.15,272.6,0,1,2539
1471355,72,30,1754,262.9,262.9,0,0,580
1336455,73,30,1754,272.57,274.57,0,0,582
1315768,74,30,1754,279.36,280.36,0,0,580
1279555,75,30,1754,244.47,279.36,1,0,769
1351963,76,30,1754,243.5,280.36,0,1,890
1170654,77,30,1754,279.42,279.42,0,0,512
1383867,78,30,1754,281.36,280.36,0,0,567
1414082,79,30,1754,199.82,280.36,1,1,1701
1368580,80,30,1754,270.66,269.66,0,0,635
1033347,81,30,1754,280.36,281.36,0,0,689
1150211,82,30,1754,280.36,280.36,0,0,716
1418348,83,30,1754,281.36,279.36,0,0,541
1365701,84,30,1754,279.36,281.36,0,0,514
1391667,85,30,1754,272.63,270.63,0,0,608
1007554,86,30,1754,271.63,270.63,0,0,431
1130675,87,30,1754,293,292,0,0,231
1314989,88,30,1754,301.67,302.67,0,0,566
1182160,89,30,1754,311.43,310.43,0,0,256
1024336,90,30,1754,310.43,311.43,0,0,244
1212334,91,30,1754,310.43,311.43,0,0,243
1351063,92,30,1754,296.88,296.88,0,0,285
1017313,93,30,1754,309.43,310.43,0,0,378
1017189,94,30,1754,310.43,311.43,0,0,337
1154070,95,30,1754,311.43,310.43,0,0,323
1334362,96,30,1754,309.43,310.43,0,0,393
1120306,97,30,1754,310.43,309.43,0,0,122
1345578,98,30,1754,257.11,311.43,0,0,324
1022536,99,30,1754,309.49,308.49,0,0,298
1245434,100,30,1754,323.04,324.04,0,0,431
1219693,101,30,1754,323.04,323.04,0,0,324
1119759,102,30,1754,323.04,324.04,0,0,364
1258257,103,30,1754,323.04,324.04,0,0,271
1405953,104,30,1754,323.04,324.04,0,0,365
1064450,105,30,1754,324.04,324.04,0,0,663
1010580,106,30,1754,324.04,323.04,0,0,283
1283991,107,30,1754,324.04,322.04,0,0,446
1253340,108,30,1754,322.04,322.04,0,0,270
1315466,109,30,1754,296.85,297.85,0,0,485
1492741,110,30,1754,241.59,295.85,1,1,2443
1254315,111,30,1754,239.62,295.85,0,1,1916
1204737,112,30,1754,242.56,295.85,0,1,1917
1060625,113,30,1754,310.43,310.43,0,0,431
1087200,114,30,1754,324.04,324.04,0,0,378
1065305,115,30,1754,324.04,323.04,0,0,338
1419725,116,30,1754,320.13,320.13,0,0,365
1161372,117,30,1754,318.16,318.16,0,0,189
1365387,118,30,1754,320.16,319.16,0,0,217
1239807,119,30,1754,318.16,320.16,0,0,298
1420856,120,30,1754,320.16,319.16,0,0,258
1269466,121,30,1754,318.16,320.16,0,0,406
1312957,122,30,1754,263.87,319.16,0,0,393
1282489,123,30,1754,292.94,292.94,0,0,162
1363287,124,30,1754,320.16,320.16,0,0,406
1053919,125,30,1754,296.85,297.85,0,0,392
1364403,126,30,1754,298.79,298.79,0,0,419
1112656,127,30,1754,320.16,320.16,0,0,204
1352853,128,30,1754,225.04,320.16,1,1,2834
1487034,129,30,1754,226.04,318.16,1,1,1714
1312419,130,30,1754,318.22,316.22,0,0,636
1257618,131,30,1754,318.16,320.16,0,0,607
1405062,132,30,1754,319.16,320.16,0,0,609
1223118,133,30,1754,319.16,318.16,0,0,446
1044371,134,30,1754,320.16,318.16,0,0,514
1044454,135,30,1754,312.37,313.37,0,0,647
1125332,136,30,1754,319.16,319.16,0,0,324
1058746,137,30,1754,319.16,318.16,0,0,420
1316605,138,30,1754,312.4,311.4,0,0,581
1095615,139,30,1754,320.16,318.16,0,0,621
1162290,140,30,1754,315.31,314.31,0,0,809
1124059,141,30,1754,314.34,313.34,0,0,715
1034585,142,30,1754,313.37,313.37,0,0,620
1270402,143,30,1754,318.16,320.16,0,0,622
1099332,144,30,1754,320.16,320.16,0,0,581
1448778,145,30,1754,320.16,318.16,0,0,620
