files/30.csv
id,week,center_id,meal_id,checkout_price,base_price,emailer_for_promotion,homepage_featured,num_orders
1438204,1,30,1770,338.53,484.03,0,0,26
1263999,2,30,1770,340.53,484.03,0,0,68
1453432,3,30,1770,340.53,484.03,0,0,53
1076483,4,30,1770,339.53,484.03,0,0,68
1436628,6,30,1770,484.03,486.03,0,0,13
1005226,7,30,1770,486.03,484.03,0,0,28
1256218,8,30,1770,484.03,486.03,0,0,14
1496733,11,30,1770,485.03,486.03,0,0,13
1004364,12,30,1770,486.03,484.03,0,0,42
1247334,13,30,1770,485.03,484.03,0,0,26
1291540,14,30,1770,485.03,485.03,0,0,14
1281982,17,30,1770,437.53,485.03,0,0,27
1404945,19,30,1770,435.53,486.03,0,0,54
1133400,20,30,1770,435.53,486.03,0,0,26
1359311,21,30,1770,484.03,485.03,0,0,14
1228606,22,30,1770,485.03,486.03,0,0,13
1094554,23,30,1770,486.03,484.03,0,0,13
1287347,24,30,1770,485.03,486.03,0,0,15
1242399,27,30,1770,486.03,486.03,0,0,14
1330997,29,30,1770,388.03,485.03,0,0,28
1278277,35,30,1770,484.03,484.03,0,0,13
1265504,36,30,1770,485.03,485.03,0,0,13
1465677,37,30,1770,485.03,484.03,0,0,15
1261355,39,30,1770,484.03,485.03,0,0,13
1425493,42,30,1770,484.03,484.03,0,0,13
1472703,45,30,1770,436.53,484.03,0,0,15
1034661,46,30,1770,435.53,485.03,0,0,13
1334007,48,30,1770,437.53,484.03,0,0,15
1240531,50,30,1770,485.03,486.03,0,0,54
1003963,51,30,1770,484.03,486.03,0,0,13
1088936,52,30,1770,484.03,484.03,0,0,28
1328884,53,30,1770,459.78,459.78,0,0,27
1032975,55,30,1770,435.53,436.53,0,0,13
1395220,56,30,1770,437.53,436.53,0,0,26
1072452,57,30,1770,485.03,484.03,0,0,26
1089691,58,30,1770,486.03,485.03,0,0,26
1365260,59,30,1770,486.03,484.03,0,0,15
1095168,60,30,1770,484.03,484.03,0,0,40
1206305,61,30,1770,486.03,484.03,0,0,15
1379440,64,30,1770,484.03,484.03,0,0,42
1423830,65,30,1770,484.03,486.03,0,0,15
1404134,66,30,1770,485.03,484.03,0,0,28
1016338,68,30,1770,466.63,466.63,0,0,27
1368723,69,30,1770,485.03,484.03,0,0,13
1164382,71,30,1770,465.63,466.63,0,0,55
1256505,72,30,1770,485.03,484.03,0,0,15
1493211,74,30,1770,484.03,484.03,0,0,26
1394139,75,30,1770,485.03,484.03,0,0,27
1053570,77,30,1770,485.03,484.03,0,0,13
1497488,79,30,1770,484.03,484.03,0,0,41
1300285,80,30,1770,485.03,484.03,0,0,41
1046769,81,30,1770,486.03,486.03,0,0,15
1236432,82,30,1770,484.03,484.03,0,0,14
1183491,83,30,1770,485.03,486.03,0,0,15
1473416,84,30,1770,486.03,486.03,0,0,26
1305435,85,30,1770,484.03,485.03,0,0,28
1173223,86,30,1770,485.03,486.03,0,0,26
1103937,87,30,1770,485.03,486.03,0,0,13
1078337,88,30,1770,486.03,485.03,0,0,28
1430427,89,30,1770,456.93,455.93,0,0,68
1238646,90,30,1770,455.93,455.93,0,0,15
1002462,91,30,1770,455.93,456.93,0,0,13
1373955,92,30,1770,455.93,455.93,0,0,26
1379520,93,30,1770,486.03,484.03,0,0,28
1071815,94,30,1770,486.03,485.03,0,0,14
1357960,97,30,1770,485.03,485.03,0,0,27
1073295,98,30,1770,486.03,486.03,0,0,13
1380418,100,30,1770,485.03,484.03,0,0,15
1096789,102,30,1770,485.03,486.03,0,0,13
1005303,105,30,1770,412.28,486.03,0,0,27
1035375,106,30,1770,411.28,484.03,0,0,14
1470996,107,30,1770,412.28,484.03,0,0,15
1428557,108,30,1770,412.28,484.03,0,0,15
1227498,109,30,1770,485.03,485.03,0,0,13
1365333,110,30,1770,486.03,484.03,0,0,54
1431805,112,30,1770,484.03,485.03,0,0,15
1168904,113,30,1770,485.03,485.03,0,0,28
1011577,114,30,1770,485.03,484.03,0,0,28
1106153,117,30,1770,484.03,486.03,0,0,27
1354494,119,30,1770,485.03,484.03,0,0,15
1407340,121,30,1770,413.28,486.03,0,0,41
1321144,122,30,1770,412.28,485.03,0,0,26
1091080,123,30,1770,412.28,484.03,0,0,40
1203004,124,30,1770,486.03,485.03,0,0,15
1481313,125,30,1770,486.03,485.03,0,0,42
1185534,126,30,1770,485.03,486.03,0,0,26
1344281,127,30,1770,484.03,484.03,0,0,14
1422891,128,30,1770,486.03,484.03,0,0,41
1440363,129,30,1770,486.03,486.03,0,0,26
1399134,130,30,1770,445.23,445.23,0,0,41
1450669,131,30,1770,445.23,445.23,0,0,41
1039703,132,30,1770,447.23,445.23,0,0,15
1315163,133,30,1770,447.23,447.23,0,0,26
1120239,134,30,1770,486.03,484.03,0,0,15
1403433,135,30,1770,485.03,486.03,0,0,28
1232018,136,30,1770,485.03,486.03,0,0,54
1211600,139,30,1770,486.03,486.03,0,0,27
1332023,141,30,1770,486.03,485.03,0,0,13
1117609,142,30,1770,486.03,484.03,0,0,41
1151212,144,30,1770,484.03,484.03,0,0,15
1109650,145,30,1770,485.03,485.03,0,0,13
1101723,1,30,1198,240.59,320.13,0,1,53
1172829,2,30,1198,321.13,321.13,0,1,26
1087081,3,30,1198,212.43,321.13,0,0,40
1126727,4,30,1198,201.82,319.13,0,1,216
1175625,5,30,1198,143.62,319.13,0,1,121
1115265,6,30,1198,146.5,319.13,0,1,148
1029378,7,30,1198,161.05,321.13,0,1,134
1040617,8,30,1198,151.32,320.13,0,1,256
1005671,9,30,1198,175.63,321.13,0,1,150
1466945,10,30,1198,66.02,319.13,0,1,68
1244457,11,30,1198,178.51,319.13,0,1,122
1145584,12,30,1198,193.09,321.13,0,1,134
1362820,13,30,1198,162.05,321.13,0,1,109
1497964,14,30,1198,214.43,321.13,0,1,163
1228126,15,30,1198,161.05,319.13,0,1,108
1085127,16,30,1198,173.69,321.13,0,1,176
1310057,17,30,1198,178.51,321.13,0,0,122
1196945,18,30,1198,168.78,320.13,0,0,230
1432656,19,30,1198,171.75,319.13,0,1,204
1427482,20,30,1198,138.77,320.13,0,1,96
1180281,21,30,1198,193.09,320.13,0,1,135
1121641,22,30,1198,192.09,321.13,0,1,204
1274536,23,30,1198,178.51,320.13,0,1,123
1184513,24,30,1198,136.77,321.13,0,1,190
1220895,25,30,1198,192.09,319.13,0,1,69
1177143,26,30,1198,179.51,320.13,0,1,121
1086462,27,30,1198,195.94,319.13,0,1,177
1244561,28,30,1198,161.05,319.13,0,1,80
1117170,29,30,1198,212.43,320.13,0,0,82
1219098,30,30,1198,200.82,320.13,0,1,109
1254562,31,30,1198,160.05,319.13,0,1,54
1178453,32,30,1198,128.04,320.13,0,1,69
1477443,33,30,1198,162.05,320.13,0,1,53
1301021,34,30,1198,130.04,320.13,0,1,136
1146267,35,30,1198,106.7,321.13,0,1,81
1141051,36,30,1198,162.05,321.13,0,1,108
1034542,37,30,1198,192.09,319.13,0,1,68
1273067,38,30,1198,193.09,321.13,0,1,67
1284586,41,30,1198,161.05,319.13,0,1,80
1111752,42,30,1198,162.05,320.13,0,1,107
1001814,43,30,1198,161.05,161.05,0,0,28
1275129,44,30,1198,213.43,213.43,0,0,42
1063318,45,30,1198,168.78,212.43,0,0,231
1284477,46,30,1198,130.04,212.43,0,0,68
1332379,47,30,1198,174.63,213.43,0,0,148
1024523,48,30,1198,162.05,212.43,0,0,26
1191509,49,30,1198,160.05,212.43,0,0,216
1400547,50,30,1198,184.36,213.43,0,0,95
1447190,51,30,1198,213.43,213.43,0,0,41
1342121,52,30,1198,192.09,213.43,0,0,136
1483451,54,30,1198,177.51,212.43,0,0,122
1412949,55,30,1198,136.77,213.43,0,0,285
1443872,56,30,1198,249.32,249.32,0,0,122
1307843,57,30,1198,213.43,248.32,0,0,122
1342130,58,30,1198,183.36,248.32,0,0,189
1119533,59,30,1198,213.43,249.32,0,0,121
1026777,60,30,1198,160.05,249.32,0,0,82
1303161,61,30,1198,160.05,248.32,0,0,55
1301229,62,30,1198,160.05,250.32,0,0,108
1066245,63,30,1198,162.05,161.05,0,0,190
1055253,64,30,1198,192.09,191.09,0,0,68
1403111,65,30,1198,161.05,191.09,0,0,163
1102677,66,30,1198,162.05,192.09,0,0,26
1296941,67,30,1198,162.05,193.09,0,0,55
1410985,68,30,1198,171.69,191.09,0,0,177
1199438,69,30,1198,106.7,192.09,0,0,122
1381939,70,30,1198,241.59,241.59,0,0,55
1351031,71,30,1198,160.05,241.59,0,0,136
1380325,72,30,1198,139.68,239.59,0,0,217
1171437,73,30,1198,125.19,241.59,0,0,175
1466505,74,30,1198,147.44,240.59,0,0,177
1431262,75,30,1198,107.7,239.59,0,0,122
1204220,77,30,1198,182.36,184.36,0,0,94
1287956,78,30,1198,133.89,184.36,0,0,161
1177415,79,30,1198,191.09,193.09,0,0,135
1387754,80,30,1198,192.09,191.09,0,0,203
1469535,81,30,1198,160.05,192.09,0,0,136
1220632,82,30,1198,148.44,191.09,0,0,177
1063835,83,30,1198,172.69,192.09,0,0,177
1399811,84,30,1198,213.43,214.43,0,0,42
1418263,85,30,1198,162.05,213.43,0,0,216
1348145,86,30,1198,319.13,321.13,0,0,53
1295029,87,30,1198,193.09,320.13,0,0,68
1315333,88,30,1198,146.5,321.13,0,0,148
1000908,89,30,1198,179.45,319.13,0,0,217
1242900,90,30,1198,213.43,319.13,0,0,81
1383217,91,30,1198,151.38,319.13,0,0,202
1326949,92,30,1198,160.05,321.13,0,0,108
1154795,93,30,1198,160.05,161.05,0,0,82
1366420,94,30,1198,213.43,212.43,0,0,122
1181055,96,30,1198,129.04,214.43,0,0,67
1074438,97,30,1198,184.36,212.43,0,0,94
1166441,98,30,1198,160.05,214.43,0,0,53
1263503,99,30,1198,177.51,214.43,0,0,122
1089049,100,30,1198,228.95,228.95,0,0,95
1400698,101,30,1198,178.51,228.95,0,0,122
1241329,102,30,1198,147.5,229.95,0,0,150
1162355,103,30,1198,321.13,320.13,0,0,13
1402574,104,30,1198,200.82,320.13,0,0,109
1348217,105,30,1198,192.09,319.13,0,0,135
1205576,106,30,1198,256.11,319.13,0,0,68
1117614,107,30,1198,149.44,321.13,0,0,175
1246863,108,30,1198,213.43,321.13,0,0,42
1053414,109,30,1198,201.82,321.13,0,0,109
1488177,110,30,1198,182.36,182.36,0,0,96
1054949,111,30,1198,160.05,184.36,0,0,81
1425180,112,30,1198,160.05,183.36,0,0,108
1292752,113,30,1198,162.05,183.36,0,0,163
1142313,114,30,1198,173.63,173.63,0,0,148
1280344,115,30,1198,160.05,162.05,0,0,107
1468942,116,30,1198,152.35,152.35,0,0,231
1080051,117,30,1198,182.36,184.36,0,0,188
1238413,118,30,1198,203.73,202.73,0,0,134
1225207,119,30,1198,170.75,204.73,0,0,54
1143588,120,30,1198,170.75,203.73,0,0,190
1112349,121,30,1198,183.36,202.73,0,0,175
1405933,122,30,1198,204.73,202.73,0,0,136
1307671,123,30,1198,184.36,202.73,0,0,175
1495751,124,30,1198,140.65,203.73,0,0,162
1461901,125,30,1198,195.03,195.03,0,0,189
1282879,126,30,1198,204.73,202.73,0,0,136
1243488,127,30,1198,183.36,204.73,0,0,177
1466006,128,30,1198,162.99,203.73,0,0,312
1346822,129,30,1198,180.45,204.73,0,0,231
1212664,130,30,1198,227.01,227.01,0,0,121
1119948,131,30,1198,248.38,247.38,0,0,150
1291342,132,30,1198,178.51,248.38,0,0,285
1195667,133,30,1198,205.64,246.38,0,0,379
1329745,134,30,1198,195.94,247.38,0,0,256
1268693,135,30,1198,169.75,246.38,0,0,162
1138971,136,30,1198,169.75,246.38,0,0,108
1012514,137,30,1198,203.73,202.73,0,0,269
1486522,138,30,1198,171.75,202.73,0,0,80
1303938,139,30,1198,227.01,228.01,0,0,163
1018805,140,30,1198,243.53,243.53,0,0,96
1461446,141,30,1198,190.18,241.53,0,0,243
1290765,142,30,1198,186.3,243.53,0,0,148
1267453,143,30,1198,190.12,241.53,0,0,215
1026361,144,30,1198,160.08,243.53,0,0,229
1116256,145,30,1198,203.73,243.53,0,0,123
1128842,1,30,1311,145.5,214.43,0,1,148
1142330,2,30,1311,255.11,213.43,0,1,67
1476315,3,30,1311,119.31,214.43,0,1,107
1422233,4,30,1311,141.62,214.43,0,1,123
1286276,5,30,1311,183.36,212.43,0,1,96
1320809,6,30,1311,169.81,214.43,0,1,257
1137186,7,30,1311,175.57,212.43,0,1,270
1443937,8,30,1311,184.3,212.43,0,1,257
1274425,9,30,1311,160.05,213.43,0,1,188
1086518,10,30,1311,179.45,214.43,0,1,217
1427270,11,30,1311,160.05,213.43,0,0,80
1193120,12,30,1311,142.62,212.43,0,1,123
1218283,13,30,1311,143.62,213.43,0,0,121
1409828,14,30,1311,188.24,212.43,0,1,162
1405061,15,30,1311,214.43,214.43,0,1,123
1261411,16,30,1311,147.5,213.43,0,1,148
1366522,17,30,1311,142.62,214.43,0,1,122
1279406,18,30,1311,197.88,212.43,0,1,285
1038869,19,30,1311,170.75,214.43,0,1,203
1355847,20,30,1311,173.69,212.43,0,1,176
1498439,21,30,1311,145.5,214.43,0,1,149
1027825,22,30,1311,166.84,214.43,0,1,284
1112685,23,30,1311,170.78,213.43,0,1,230
1432862,24,30,1311,141.62,214.43,0,1,242
1145250,25,30,1311,190.18,214.43,0,1,296
1038066,26,30,1311,214.43,214.43,0,1,202
1464246,27,30,1311,171.75,213.43,0,1,204
1217380,28,30,1311,145.5,213.43,0,1,148
1346463,29,30,1311,162.05,214.43,0,1,161
1116813,30,30,1311,169.81,212.43,0,1,258
1018115,31,30,1311,137.77,214.43,0,1,95
1277763,32,30,1311,162.05,214.43,0,0,80
1295258,33,30,1311,138.77,213.43,0,0,96
1388527,34,30,1311,161.05,213.43,0,0,26
1346096,36,30,1311,137.77,136.77,0,0,190
1132541,37,30,1311,179.51,179.51,0,0,121
1449453,38,30,1311,213.43,212.43,0,0,41
1357301,39,30,1311,147.44,214.43,0,1,177
1337917,40,30,1311,191.09,213.43,0,1,135
1380569,41,30,1311,173.63,214.43,0,0,150
1262501,42,30,1311,174.63,213.43,0,0,135
1165530,43,30,1311,150.38,212.43,0,1,203
1015171,44,30,1311,130.95,213.43,0,0,149
1274458,45,30,1311,108.7,212.43,0,0,81
1359021,46,30,1311,182.36,213.43,0,0,95
1444380,47,30,1311,138.77,212.43,0,0,95
1379937,48,30,1311,179.51,177.51,0,0,123
1210963,49,30,1311,201.82,200.82,0,0,107
1229168,50,30,1311,107.7,199.82,0,0,121
1044115,51,30,1311,241.59,240.59,0,0,55
1395896,52,30,1311,162.05,241.59,0,0,108
1334516,53,30,1311,213.43,241.59,0,0,40
1359482,54,30,1311,212.43,239.59,0,0,121
1375227,55,30,1311,161.05,241.59,0,0,162
1028870,56,30,1311,161.05,240.59,0,0,108
1268364,57,30,1311,80.54,240.59,0,0,53
1182210,59,30,1311,132.89,132.89,0,0,162
1173804,60,30,1311,145.5,145.5,0,0,150
1039461,61,30,1311,214.43,213.43,0,0,82
1054528,62,30,1311,149.44,213.43,0,0,176
1216818,63,30,1311,162.05,213.43,0,0,54
1342826,64,30,1311,177.51,212.43,0,0,121
1211214,65,30,1311,240.59,239.59,0,0,55
1077100,66,30,1311,213.43,239.59,0,0,80
1413966,67,30,1311,200.82,240.59,0,0,107
1391767,68,30,1311,162.05,239.59,0,0,107
1235213,69,30,1311,184.36,241.59,0,0,189
1027655,70,30,1311,137.77,239.59,0,0,94
1448279,71,30,1311,188.18,240.59,0,0,229
1464489,72,30,1311,213.43,214.43,0,0,82
1037043,73,30,1311,175.63,214.43,0,0,150
1125101,74,30,1311,170.78,214.43,0,0,229
1206234,75,30,1311,146.5,213.43,0,0,149
1088798,76,30,1311,161.05,212.43,0,0,27
1122493,77,30,1311,214.43,213.43,0,0,40
1415599,78,30,1311,147.44,214.43,0,0,175
1205321,79,30,1311,137.77,212.43,0,0,189
1123403,80,30,1311,125.19,212.43,0,0,177
1160269,81,30,1311,160.05,213.43,0,0,81
1026856,82,30,1311,108.7,214.43,0,0,123
1179128,83,30,1311,200.82,201.82,0,0,109
1456437,84,30,1311,161.05,200.82,0,0,80
1357622,85,30,1311,162.05,201.82,0,0,82
1385105,86,30,1311,161.05,200.82,0,0,162
1312568,87,30,1311,265.78,265.78,0,0,80
1124352,88,30,1311,183.36,267.78,0,0,95
1094604,89,30,1311,175.63,265.78,0,0,148
1264941,90,30,1311,108.7,265.78,0,0,80
1470209,91,30,1311,93.18,267.78,0,0,96
1005734,92,30,1311,141.62,266.78,0,0,121
1190019,93,30,1311,182.36,266.78,0,0,94
1197717,94,30,1311,141.62,142.62,0,0,122
1481453,95,30,1311,121.31,143.62,0,0,108
1388587,96,30,1311,108.7,143.62,0,0,81
1349181,97,30,1311,173.63,175.63,0,0,150
1305320,98,30,1311,213.43,213.43,0,0,82
1143750,99,30,1311,186.24,212.43,0,0,161
1278490,100,30,1311,173.69,212.43,0,0,175
1142139,101,30,1311,186.24,213.43,0,0,161
1468849,102,30,1311,139.68,214.43,0,0,216
1049964,103,30,1311,160.05,213.43,0,0,109
1124849,104,30,1311,138.77,212.43,0,0,95
1054514,105,30,1311,133.89,134.89,0,0,163
1103049,106,30,1311,188.24,186.24,0,0,163
1357069,108,30,1311,162.05,187.24,0,0,82
1213311,109,30,1311,179.51,179.51,0,0,122
1377525,110,30,1311,108.7,179.51,0,0,80
1238873,111,30,1311,212.43,213.43,0,0,81
1157485,112,30,1311,257.11,256.11,0,0,40
1399550,113,30,1311,160.05,257.11,0,0,163
1151347,114,30,1311,141.62,257.11,0,0,122
1082633,115,30,1311,233.83,232.83,0,0,150
1172985,116,30,1311,171.75,232.83,0,0,204
1152689,117,30,1311,160.05,232.83,0,0,134
1495291,118,30,1311,192.12,232.83,0,0,215
1046141,119,30,1311,142.65,233.83,0,0,162
1287674,120,30,1311,135.8,232.83,0,0,134
1308095,121,30,1311,156.17,231.83,0,0,175
1307089,122,30,1311,166.84,167.84,0,0,162
1259328,123,30,1311,171.75,169.75,0,0,161
1065052,124,30,1311,237.68,237.68,0,0,136
1427054,125,30,1311,121.25,237.68,0,0,188
1401195,126,30,1311,184.3,238.68,0,0,150
1030528,127,30,1311,169.75,237.68,0,0,324
1471042,128,30,1311,162.02,238.68,0,0,284
1130756,130,30,1311,198.88,238.68,0,0,324
1283489,131,30,1311,169.75,236.68,0,0,135
1131111,132,30,1311,151.35,151.35,0,0,244
1345864,133,30,1311,181.45,179.45,0,0,231
1095273,134,30,1311,137.8,181.45,0,0,203
1007086,135,30,1311,161.05,180.45,0,0,256
1111409,136,30,1311,170.75,171.75,0,0,136
1015931,137,30,1311,170.75,170.75,0,0,270
1347263,138,30,1311,190.18,188.18,0,0,243
1083658,139,30,1311,119.31,190.18,0,0,230
1065372,140,30,1311,338.53,338.53,0,0,13
1437780,141,30,1311,170.75,340.53,0,0,188
1055076,142,30,1311,216.34,339.53,0,0,298
1255707,143,30,1311,186.3,338.53,0,0,150
1263469,144,30,1311,184.36,339.53,0,0,176
1216621,145,30,1311,170.75,339.53,0,0,296
