files/30.csv
id,week,center_id,meal_id,checkout_price,base_price,emailer_for_promotion,homepage_featured,num_orders
1317272,1,30,1803,160.05,319.13,0,1,54
1443291,2,30,1803,87.3,321.13,0,1,148
1221419,3,30,1803,148.44,320.13,0,1,175
1119725,4,30,1803,119.31,319.13,0,1,109
1471503,5,30,1803,241.59,320.13,0,1,55
1455060,6,30,1803,148.44,321.13,0,1,175
1352635,7,30,1803,184.36,320.13,0,1,94
1121083,8,30,1803,162.05,320.13,0,1,189
1108056,9,30,1803,184.36,321.13,0,1,189
1300365,10,30,1803,172.69,319.13,0,1,175
1442702,11,30,1803,183.36,320.13,0,1,189
1212317,12,30,1803,202.73,319.13,0,1,149
1456553,13,30,1803,175.63,321.13,0,1,148
1080142,14,30,1803,111.55,320.13,0,1,269
1100461,15,30,1803,66.02,319.13,0,0,69
1159177,16,30,1803,162.05,319.13,0,1,108
1020984,17,30,1803,191.09,320.13,0,0,134
1482168,18,30,1803,118.4,320.13,0,1,149
1024346,19,30,1803,145.5,320.13,0,1,149
1233355,20,30,1803,184.36,321.13,0,1,284
1013905,21,30,1803,150.38,319.13,0,1,202
1278110,22,30,1803,196.94,320.13,0,1,177
1345955,23,30,1803,202.73,319.13,0,1,148
1084162,24,30,1803,179.51,320.13,0,1,243
1097192,25,30,1803,160.05,321.13,0,1,188
1020448,26,30,1803,164.93,320.13,0,1,366
1176137,27,30,1803,180.45,319.13,0,1,215
1158617,28,30,1803,162.05,319.13,0,0,82
1477732,29,30,1803,161.05,321.13,0,1,81
1117870,30,30,1803,108.7,321.13,0,0,42
1323218,31,30,1803,168.84,321.13,0,1,283
1270278,32,30,1803,214.43,213.43,0,0,121
1130383,33,30,1803,177.57,213.43,0,1,269
1082561,34,30,1803,162.05,213.43,0,0,26
1210952,35,30,1803,227.95,213.43,0,1,94
1174279,36,30,1803,177.51,213.43,0,1,121
1000196,37,30,1803,178.51,214.43,0,1,121
1450578,38,30,1803,136.77,214.43,0,1,94
1017642,39,30,1803,182.36,214.43,0,1,95
1116181,40,30,1803,161.05,212.43,0,0,108
1315816,41,30,1803,128.04,212.43,0,1,136
1315268,42,30,1803,147.44,214.43,0,1,175
1113546,43,30,1803,240.59,213.43,0,1,55
1358046,44,30,1803,188.24,213.43,0,0,161
1498771,45,30,1803,213.43,214.43,0,0,122
1272199,46,30,1803,169.78,212.43,0,0,229
1118529,47,30,1803,161.05,213.43,0,0,82
1171199,48,30,1803,130.04,214.43,0,0,135
1224443,49,30,1803,162.05,214.43,0,0,54
1259401,50,30,1803,250.32,250.32,0,0,122
1143227,51,30,1803,184.36,248.32,0,0,94
1147047,53,30,1803,161.05,249.32,0,0,161
1367295,54,30,1803,162.05,249.32,0,0,108
1196356,55,30,1803,197.94,249.32,0,0,175
1263246,56,30,1803,142.62,249.32,0,0,121
1306934,57,30,1803,192.09,250.32,0,0,69
1487107,58,30,1803,160.05,161.05,0,0,134
1378740,59,30,1803,183.36,184.36,0,0,190
1298645,60,30,1803,201.82,199.82,0,0,108
1193431,61,30,1803,128.04,200.82,0,0,67
1172944,62,30,1803,202.73,203.73,0,0,149
1406822,63,30,1803,160.05,204.73,0,0,161
1127767,64,30,1803,161.05,204.73,0,0,82
1170602,65,30,1803,134.89,204.73,0,0,163
1195511,66,30,1803,139.68,202.73,0,0,216
1498248,67,30,1803,186.24,187.24,0,0,162
1325161,68,30,1803,108.7,186.24,0,0,163
1078782,69,30,1803,192.09,191.09,0,0,134
1005880,70,30,1803,143.62,191.09,0,0,121
1011349,71,30,1803,149.38,192.09,0,0,202
1022443,72,30,1803,186.24,188.24,0,0,163
1362691,73,30,1803,175.63,175.63,0,0,150
1125844,74,30,1803,320.13,320.13,0,0,14
1111197,75,30,1803,203.73,320.13,0,0,148
1222526,76,30,1803,147.44,321.13,0,0,175
1053080,77,30,1803,168.78,320.13,0,0,230
1237944,78,30,1803,191.09,320.13,0,0,204
1211332,79,30,1803,223.16,321.13,0,0,177
1481569,80,30,1803,162.05,320.13,0,0,188
1005174,81,30,1803,128.04,130.04,0,0,135
1029943,82,30,1803,235.77,234.77,0,0,203
1081685,83,30,1803,173.63,234.77,0,0,150
1221329,84,30,1803,107.7,234.77,0,0,121
1348013,85,30,1803,202.76,233.77,0,0,41
1080438,86,30,1803,81.54,234.77,0,0,55
1170406,87,30,1803,119.31,235.77,0,0,109
1365550,88,30,1803,161.05,233.77,0,0,109
1360127,89,30,1803,204.73,202.73,0,0,148
1461149,90,30,1803,192.09,192.09,0,0,67
1108933,91,30,1803,241.59,240.59,0,0,109
1274119,92,30,1803,162.05,239.59,0,0,107
1423423,93,30,1803,137.77,239.59,0,0,96
1193829,94,30,1803,182.36,239.59,0,0,95
1258673,95,30,1803,232.83,233.83,0,0,148
1083473,96,30,1803,161.05,232.83,0,0,80
1146558,97,30,1803,186.24,231.83,0,0,162
1051595,98,30,1803,179.51,232.83,0,0,123
1473927,99,30,1803,173.69,231.83,0,0,177
1431229,100,30,1803,137.77,231.83,0,0,285
1475059,101,30,1803,138.77,232.83,0,0,96
1072197,102,30,1803,204.73,203.73,0,0,298
1351674,103,30,1803,188.24,188.24,0,0,163
1375325,104,30,1803,138.71,187.24,0,0,311
1107232,105,30,1803,108.7,188.24,0,0,81
1093405,106,30,1803,137.77,186.24,0,0,96
1414970,107,30,1803,108.7,186.24,0,0,161
1324478,108,30,1803,179.51,179.51,0,0,242
1375680,109,30,1803,179.51,177.51,0,0,243
1180719,110,30,1803,161.05,178.51,0,0,107
1437555,111,30,1803,161.05,177.51,0,0,68
1475293,112,30,1803,147.5,178.51,0,0,122
1267425,113,30,1803,170.75,170.75,0,0,204
1266930,114,30,1803,173.63,173.63,0,0,149
1325916,115,30,1803,136.77,175.63,0,0,284
1214977,116,30,1803,162.05,160.05,0,0,190
1237909,117,30,1803,130.95,160.05,0,0,296
1299360,118,30,1803,157.2,157.2,0,0,323
1347211,119,30,1803,207.64,206.64,0,0,312
1074302,120,30,1803,203.73,203.73,0,0,136
1256500,121,30,1803,192.12,190.12,0,0,217
1207038,122,30,1803,169.75,190.12,0,0,163
1317688,123,30,1803,169.75,190.12,0,0,188
1013709,124,30,1803,189.18,188.18,0,0,242
1416980,125,30,1803,170.75,188.18,0,0,271
1273390,126,30,1803,176.57,175.57,0,0,392
1087807,127,30,1803,239.62,239.62,0,0,229
1129045,128,30,1803,193.09,239.62,0,0,310
1288970,129,30,1803,179.45,240.62,0,0,229
1411736,130,30,1803,130.98,238.62,0,0,177
1369802,131,30,1803,131.01,239.62,0,0,285
1388235,132,30,1803,178.51,239.62,0,0,283
1044206,133,30,1803,161.05,238.62,0,0,258
1087331,134,30,1803,226.01,226.01,0,0,162
1415895,135,30,1803,226.01,228.01,0,0,161
1452312,136,30,1803,171.75,228.01,0,0,82
1475722,137,30,1803,150.35,227.01,0,0,242
1405884,138,30,1803,159.08,228.01,0,0,231
1149502,139,30,1803,195.94,226.01,0,0,256
1215521,140,30,1803,189.18,228.01,0,0,243
1371736,141,30,1803,199.82,226.01,0,0,297
1381464,142,30,1803,195.03,194.03,0,0,285
1239285,143,30,1803,169.75,195.03,0,0,242
1433676,144,30,1803,184.36,184.36,0,0,351
1376740,145,30,1803,193.03,194.03,0,0,190
1436068,1,30,1438,242.5,270.63,0,0,26
1325137,2,30,1438,243.5,272.63,0,0,27
1006378,3,30,1438,244.5,270.63,0,0,26
1051301,4,30,1438,244.5,272.63,0,0,40
1428368,5,30,1438,243.5,270.63,0,0,15
1183223,6,30,1438,243.5,270.63,0,0,42
1408259,7,30,1438,244.5,242.5,0,0,54
1385666,8,30,1438,242.5,243.5,0,0,14
1022440,9,30,1438,270.63,271.63,0,0,28
1074190,11,30,1438,272.63,271.63,0,0,15
1265123,12,30,1438,272.63,270.63,0,0,14
1150446,13,30,1438,243.5,270.63,0,0,27
1306877,15,30,1438,243.5,272.63,0,0,68
1307966,16,30,1438,242.5,271.63,0,0,26
1294339,17,30,1438,243.5,270.63,0,0,42
1167585,18,30,1438,244.5,270.63,0,0,41
1133082,19,30,1438,244.5,271.63,0,0,42
1309116,20,30,1438,248.32,249.32,0,0,67
1393773,21,30,1438,244.5,242.5,0,0,40
1351955,22,30,1438,244.5,243.5,0,0,55
1360532,23,30,1438,242.5,243.5,0,0,42
1182178,24,30,1438,243.5,243.5,0,0,28
1031958,25,30,1438,244.5,244.5,0,0,40
1171839,26,30,1438,242.5,243.5,0,0,55
1306396,27,30,1438,244.5,243.5,0,0,41
1466922,28,30,1438,244.5,243.5,0,0,41
1392416,29,30,1438,196,244.5,0,0,54
1141980,30,30,1438,196,244.5,0,0,27
1274975,31,30,1438,194,243.5,0,0,28
1182994,32,30,1438,194,244.5,0,0,55
1184953,33,30,1438,256.08,256.08,0,0,13
1197995,34,30,1438,256.08,257.08,0,0,41
1192833,35,30,1438,257.08,258.08,0,0,27
1333370,36,30,1438,257.08,258.08,0,0,28
1043867,37,30,1438,194,258.08,0,0,53
1200187,38,30,1438,194,257.08,0,0,40
1012965,39,30,1438,194,256.08,0,0,54
1495051,40,30,1438,194,257.08,0,0,42
1078095,41,30,1438,219.28,256.08,0,0,28
1081642,42,30,1438,231.86,232.86,0,0,55
1462421,43,30,1438,218.28,217.28,0,0,82
1250471,44,30,1438,217.28,217.28,0,0,26
1278539,45,30,1438,234.8,234.8,0,0,80
1013332,47,30,1438,232.8,234.8,0,0,53
1191192,48,30,1438,232.8,233.8,0,0,28
1100348,49,30,1438,241.56,242.56,0,0,27
1051510,50,30,1438,241.56,241.56,0,0,55
1152076,51,30,1438,242.56,242.56,0,0,55
1495153,52,30,1438,240.56,242.56,0,0,68
1269904,53,30,1438,241.56,240.56,0,0,13
1110755,54,30,1438,241.56,240.56,0,0,27
1277602,55,30,1438,240.56,240.56,0,0,40
1435662,56,30,1438,242.56,242.56,0,0,40
1373052,57,30,1438,249.35,249.35,0,0,69
1317463,58,30,1438,242.53,242.53,0,0,14
1132972,59,30,1438,243.53,242.53,0,0,54
1365516,60,30,1438,243.53,243.53,0,0,28
1374221,61,30,1438,241.53,241.53,0,0,54
1441781,62,30,1438,242.53,243.53,0,0,40
1159424,63,30,1438,243.53,241.53,0,0,26
1296903,64,30,1438,243.53,241.53,0,0,42
1474204,65,30,1438,243.53,242.53,0,0,28
1328621,66,30,1438,242.53,243.53,0,0,80
1104195,68,30,1438,242.53,242.53,0,0,55
1302745,69,30,1438,233.83,233.83,0,0,80
1328592,70,30,1438,233.83,231.83,0,0,109
1047743,71,30,1438,233.83,233.83,0,0,108
1342112,72,30,1438,232.83,232.83,0,0,55
1055293,73,30,1438,231.83,231.83,0,0,27
1272616,74,30,1438,233.83,231.83,0,0,28
1167510,75,30,1438,233.83,231.83,0,0,53
1273333,76,30,1438,233.83,233.83,0,0,14
1121753,77,30,1438,232.83,232.83,0,0,135
1343812,78,30,1438,231.83,231.83,0,0,81
1479205,79,30,1438,231.83,231.83,0,0,41
1087626,80,30,1438,232.83,233.83,0,0,67
1011918,81,30,1438,212.43,214.43,0,0,40
1144651,82,30,1438,213.43,214.43,0,0,41
1154224,83,30,1438,214.43,212.43,0,0,42
1131568,84,30,1438,214.43,212.43,0,0,54
1093385,85,30,1438,210.55,209.55,0,0,67
1339088,86,30,1438,212.43,212.43,0,0,53
1374142,87,30,1438,212.43,212.43,0,0,53
1060233,88,30,1438,212.43,212.43,0,0,67
1083668,89,30,1438,213.43,212.43,0,0,68
1416674,90,30,1438,213.43,214.43,0,0,69
1478580,91,30,1438,213.43,213.43,0,0,41
1309233,92,30,1438,222.13,223.13,0,0,82
1317320,93,30,1438,195,224.13,0,0,68
1384837,94,30,1438,196,223.13,0,0,94
1264085,95,30,1438,227.04,225.04,0,0,67
1175585,96,30,1438,196,227.04,0,0,55
1006362,97,30,1438,195,227.04,0,0,26
1468451,98,30,1438,196,227.04,0,0,55
1313706,99,30,1438,195,225.04,0,0,94
1375609,100,30,1438,194,227.04,0,0,121
1027559,101,30,1438,194,227.04,0,0,188
1338129,102,30,1438,196,194,0,0,163
1487113,103,30,1438,208.61,208.61,0,0,82
1009384,104,30,1438,194,196,0,0,94
1445339,105,30,1438,242.5,244.5,0,0,28
1191325,106,30,1438,244.5,243.5,0,0,40
1216780,107,30,1438,244.5,243.5,0,0,27
1207985,108,30,1438,242.5,244.5,0,0,27
1254777,109,30,1438,242.5,244.5,0,0,67
1014609,110,30,1438,243.5,243.5,0,0,40
1145806,112,30,1438,242.5,243.5,0,0,28
1403012,113,30,1438,244.5,244.5,0,0,26
1116891,114,30,1438,243.5,242.5,0,0,82
1331094,115,30,1438,242.5,243.5,0,0,14
1421016,116,30,1438,243.5,242.5,0,0,81
1228217,117,30,1438,194,243.5,0,0,135
1300772,118,30,1438,195,242.5,0,0,81
1212827,119,30,1438,195,242.5,0,0,122
1363643,120,30,1438,194,242.5,0,0,109
1158157,121,30,1438,195,243.5,0,0,80
1322934,122,30,1438,194,243.5,0,0,81
1282261,123,30,1438,196,195,0,0,40
1303717,124,30,1438,195,195,0,0,94
1057559,125,30,1438,194,195,0,0,150
1228475,126,30,1438,196,194,0,0,122
1109275,127,30,1438,194,196,0,0,150
1430494,128,30,1438,195,194,0,0,53
1207074,129,30,1438,194,194,0,0,82
1480467,130,30,1438,196,194,0,0,69
1461933,131,30,1438,194,194,0,0,108
1075551,132,30,1438,195,194,0,0,189
1457249,133,30,1438,194,195,0,0,96
1435837,134,30,1438,194,194,0,0,67
1181905,135,30,1438,196,194,0,0,55
1169196,136,30,1438,195,194,0,0,69
1282592,137,30,1438,196,194,0,0,54
1112825,138,30,1438,194,196,0,0,188
1113085,139,30,1438,195,196,0,0,69
1354403,140,30,1438,196,195,0,0,135
1337223,141,30,1438,196,194,0,0,109
1045798,142,30,1438,195,196,0,0,42
1082765,143,30,1438,195,196,0,0,81
1020018,144,30,1438,196,195,0,0,94
1490973,145,30,1438,194,195,0,0,68
1103640,1,30,2494,242.5,271.63,0,0,28
1387883,2,30,2494,243.5,272.63,0,0,26
1214567,3,30,2494,242.5,271.63,0,0,26
1139427,4,30,2494,243.5,271.63,0,0,15
1124224,5,30,2494,243.5,270.63,0,0,41
1424432,6,30,2494,244.5,271.63,0,0,14
1225598,8,30,2494,244.5,242.5,0,0,26
1411989,9,30,2494,272.63,270.63,0,0,28
1422876,10,30,2494,272.63,271.63,0,0,13
1014315,11,30,2494,272.63,272.63,0,0,14
1134070,13,30,2494,242.5,271.63,0,0,26
1417070,14,30,2494,243.5,271.63,0,0,42
1333346,15,30,2494,249.29,250.29,0,0,55
1253307,16,30,2494,242.5,244.5,0,0,40
1381946,17,30,2494,244.5,244.5,0,0,41
1193897,18,30,2494,244.5,244.5,0,0,40
1170887,19,30,2494,244.5,244.5,0,0,26
1031453,20,30,2494,243.5,243.5,0,0,81
1388507,21,30,2494,244.5,242.5,0,0,26
1244346,22,30,2494,244.5,244.5,0,0,53
1154628,23,30,2494,244.5,243.5,0,0,15
1078110,25,30,2494,242.5,242.5,0,0,26
1483124,26,30,2494,243.5,244.5,0,0,53
1315341,27,30,2494,244.5,242.5,0,0,26
1392094,28,30,2494,243.5,242.5,0,0,13
1306972,29,30,2494,195,243.5,0,0,42
1006878,30,30,2494,209.52,244.5,0,0,68
1367156,31,30,2494,196,242.5,0,0,15
1360443,32,30,2494,194,244.5,0,0,41
1273711,33,30,2494,257.08,258.08,0,0,26
1097977,35,30,2494,257.08,257.08,0,0,26
1328406,36,30,2494,256.08,258.08,0,0,13
1234381,37,30,2494,194,257.08,0,0,67
1209687,38,30,2494,195,256.08,0,0,26
1179161,39,30,2494,195,257.08,0,0,15
1447277,40,30,2494,195,257.08,0,0,41
1008150,41,30,2494,217.28,257.08,0,0,41
1041775,42,30,2494,219.28,257.08,0,0,13
1394768,43,30,2494,219.28,218.28,0,0,27
1276763,44,30,2494,219.28,217.28,0,0,42
1197140,45,30,2494,232.8,234.8,0,0,14
1161289,46,30,2494,233.8,234.8,0,0,41
1428261,47,30,2494,232.8,232.8,0,0,15
1441772,48,30,2494,234.8,232.8,0,0,42
1023159,49,30,2494,241.56,242.56,0,0,27
1493070,50,30,2494,241.56,240.56,0,0,95
1472604,51,30,2494,241.56,241.56,0,0,40
1319626,52,30,2494,240.56,241.56,0,0,54
1436212,53,30,2494,271.63,270.63,0,0,13
1497944,54,30,2494,242.56,272.63,0,0,42
1147971,55,30,2494,242.56,272.63,0,0,80
1061339,56,30,2494,242.56,270.63,0,0,42
1433563,57,30,2494,242.53,270.63,0,0,26
1181032,58,30,2494,242.53,270.63,0,0,94
1239307,59,30,2494,241.53,271.63,0,0,53
1428276,60,30,2494,241.53,241.53,0,0,27
1469342,62,30,2494,241.53,242.53,0,0,53
1052103,63,30,2494,243.53,243.53,0,0,27
1272782,64,30,2494,241.53,243.53,0,0,55
1176587,65,30,2494,241.53,242.53,0,0,13
1468238,66,30,2494,241.53,242.53,0,0,42
1208018,67,30,2494,243.53,242.53,0,0,54
1133057,68,30,2494,241.53,242.53,0,0,28
1248638,69,30,2494,233.83,233.83,0,0,67
1038084,70,30,2494,227.95,228.95,0,0,82
1186297,71,30,2494,232.83,233.83,0,0,27
1122584,72,30,2494,232.83,233.83,0,0,15
1127197,74,30,2494,232.83,233.83,0,0,28
1078454,75,30,2494,251.23,251.23,0,0,26
1148787,76,30,2494,233.83,231.83,0,0,27
1486141,77,30,2494,232.83,231.83,0,0,40
1454447,78,30,2494,233.83,232.83,0,0,27
1320000,79,30,2494,232.83,232.83,0,0,42
1167960,80,30,2494,231.83,233.83,0,0,28
1409573,81,30,2494,212.43,214.43,0,0,40
1472350,82,30,2494,213.43,213.43,0,0,53
1002690,83,30,2494,212.43,214.43,0,0,14
1035616,84,30,2494,212.43,212.43,0,0,27
1113037,85,30,2494,212.43,213.43,0,0,81
1081387,86,30,2494,212.43,214.43,0,0,67
1179012,87,30,2494,212.43,213.43,0,0,55
1377499,88,30,2494,214.43,212.43,0,0,68
1324582,89,30,2494,213.43,213.43,0,0,82
1420659,90,30,2494,213.43,213.43,0,0,54
1096642,91,30,2494,212.43,212.43,0,0,41
1275926,92,30,2494,212.43,213.43,0,0,68
1208271,93,30,2494,196,195,0,0,26
1413753,94,30,2494,195,195,0,0,68
1026536,95,30,2494,194,195,0,0,67
1174740,96,30,2494,194,195,0,0,82
1025838,97,30,2494,194,196,0,0,40
1076601,98,30,2494,195,195,0,0,28
1249761,99,30,2494,210.52,209.52,0,0,69
1076611,100,30,2494,194,194,0,0,134
1268884,101,30,2494,196,194,0,0,82
1355208,102,30,2494,196,195,0,0,42
1395890,104,30,2494,195,195,0,0,42
1028595,105,30,2494,244.5,244.5,0,0,42
1361851,106,30,2494,243.5,244.5,0,0,54
1151968,107,30,2494,243.5,244.5,0,0,13
1133647,108,30,2494,243.5,242.5,0,0,55
1308360,109,30,2494,244.5,242.5,0,0,27
1446152,110,30,2494,244.5,242.5,0,0,27
1220427,143,30,2494,194,195,0,0,41
1034477,144,30,2494,195,194,0,0,54
1009419,145,30,2494,195,195,0,0,94
